// Jest Snapshot v1, https://goo.gl/fbAQLP

exports[`<Table /> matches snapshot 1`] = `
<div
  className="col-sm-12 table-responsive"
  data-testid="tableComponent"
>
  <table
    className="table table-centered mb-0"
    id="ticketTable"
  >
    <thead
      className="font-14 text-light"
    >
      <tr>
        <th
          className="font-weight-medium"
        >
          ID
           
          <i
            className="fas fa-angle-up icon"
          />
        </th>
        <th
          className="font-weight-medium"
        >
          Full Name
           
          <i
            className="fas fa-angle-up icon"
          />
        </th>
        <th
          className="font-weight-medium"
        >
          Subject
           
          <i
            className="fas fa-angle-up icon"
          />
        </th>
        <th
          className="font-weight-medium"
        >
          Priority
           
          <i
            className="fas fa-angle-up icon"
          />
        </th>
        <th
          className="font-weight-medium"
        >
          Status
           
          <i
            className="fas fa-angle-up icon"
          />
        </th>
        <th
          className="font-weight-medium"
        >
          Created
           
          <i
            className="fas fa-angle-up icon"
          />
        </th>
        <th
          className="font-weight-medium"
        >
          Completed
           
          <i
            className="fas fa-angle-up icon"
          />
        </th>
        <th
          className="font-weight-medium"
        >
          Action
           
          <i
            className="fas fa-angle-up icon"
          />
        </th>
      </tr>
    </thead>
    <tbody
      className="font-14 text-light"
    >
      <tr>
        <td>
          12334354454
        </td>
        <td>
          Aigars
        </td>
        <td>
          Test_1
        </td>
        <td>
          <span
            className="badge badge-secondary"
          >
            Low
          </span>
        </td>
        <td>
          <span
            className="badge badge-danger"
          >
            Open
          </span>
        </td>
        <td>
          09/08/2020
        </td>
        <td>
          09/08/2020
        </td>
        <td>
          <a
            className="btn text-white btn-sm"
            onClick={[Function]}
          >
            <i
              className="fas fa-trash"
            />
          </a>
          <a
            className="btn text-white btn-sm"
            onClick={[Function]}
          >
            <i
              className="fas fa-check"
            />
          </a>
          <a
            className="btn text-white btn-sm"
            onClick={[Function]}
          >
            <i
              className="fas fa-pencil-alt"
            />
          </a>
        </td>
      </tr>
      <tr>
        <td>
          12334354455
        </td>
        <td>
          Oskars
        </td>
        <td>
          Test_2
        </td>
        <td>
          <span
            className="badge badge-secondary"
          >
            Low
          </span>
        </td>
        <td>
          <span
            className="badge badge-success"
          >
            Close
          </span>
        </td>
        <td>
          09/08/2020
        </td>
        <td>
          09/08/2020
        </td>
        <td>
          <a
            className="btn text-white btn-sm"
            onClick={[Function]}
          >
            <i
              className="fas fa-trash"
            />
          </a>
          <a
            className="btn text-white btn-sm disabled"
            onClick={[Function]}
          >
            <i
              className="fas fa-check"
            />
          </a>
          <a
            className="btn text-white btn-sm disabled"
            onClick={[Function]}
          >
            <i
              className="fas fa-pencil-alt"
            />
          </a>
        </td>
      </tr>
    </tbody>
  </table>
</div>
`;
